[1m🚀 Starting Dota Data Backend Orchestration System Tests[0m
[34mBase URL: http://localhost:3000[0m
[34mTest Configuration:[0m
[34m  Team ID: 2586976[0m
[34m  League ID: 1234[0m
[34m  Match ID: 1234567890[0m
[34m  Player ID: 123456789[0m
[36m
PRE-CLEANUP. Removing any existing test files from previous runs[0m
[36m
CLEANUP. Cleaning up test files and cache[0m
[34mℹ️  No files to clean in Mock data files (APP)[0m
[34mℹ️  Deleted file: logs/server.log[0m
[32m✅ Cleaned up 1 files from Server log files (APP)[0m
[34mℹ️  No files to clean in Cache files (TEST)[0m
[34mℹ️  No files to clean in Test result files (TEST)[0m
[34mℹ️  No files to clean in Temporary files (TEST)[0m
[34mℹ️  No files to clean in Backup files (TEST)[0m
[32m✅ Cleanup completed: 1 files cleaned, 0 errors[0m
[32m✅ Pre-cleanup completed: 1 files removed[0m
[36m
SETUP. Setting up test environment[0m
[34mℹ️  Setting up application directories...[0m
[34mℹ️  App directory already exists: ./mock-data[0m
[34mℹ️  App directory already exists: ./logs[0m
[34mℹ️  Setting up test artifact directories...[0m
[34mℹ️  Test directory already exists: ./cache[0m
[34mℹ️  Test directory already exists: ./temp[0m
[34mℹ️  Test directory already exists: ./backup[0m
[34mℹ️  Test directory already exists: ./test-results[0m
[36m
CREATE-TEST-FILES. Creating test files to verify cleanup[0m
[34mℹ️  Created test file: mock-data/test-match.json[0m
[34mℹ️  Created test file: mock-data/test-player.json[0m
[34mℹ️  Created test file: cache/test-cache.json[0m
[34mℹ️  Created test file: logs/test.log[0m
[34mℹ️  Created test file: test-results/test-result.json[0m
[34mℹ️  Created test file: temp/temp-file.tmp[0m
[34mℹ️  Created test file: backup/backup.bak[0m
[34mℹ️  Created test file: test-pattern.json[0m
[34mℹ️  Created test file: mock-data.json[0m
[32m✅ Created 9 test files for cleanup verification[0m
[32m✅ Test environment setup complete (0 directories created: 0 app, 0 test)[0m
[35m
==================================================[0m
[36m
1. Testing Queue Status Endpoint[0m
[34mℹ️  Services found: 0[0m
[32m✅ Queue status endpoint working correctly[0m
[34mℹ️  Services: (none)[0m
[34mℹ️  Timestamp: 2025-07-03T02:13:30.841Z[0m
[35m
==================================================[0m
[36m
2. Testing Team Import and Match Discovery[0m
[31m❌ Test "Team Import" failed: Team import failed with status 202[0m
[35m
==================================================[0m
[36m
3. Testing Match Data Fetching[0m
[34mℹ️  Match data queued, polling for completion...[0m
[34mℹ️  Polling attempt 1/15[0m
[32m✅ Data is ready![0m
[32m✅ Match data fetched successfully[0m
[34mℹ️  Match ID: 1234567890[0m
[34mℹ️  Players: 10[0m
[32m✅ Mock file valid: /Users/samreenzarroug/git/personal/dota-data/mock-data/opendota-match-1234567890.json[0m
[32m✅ Cache file valid: /Users/samreenzarroug/git/personal/dota-data/mock-data/cache-opendota-match-1234567890.json[0m
[35m
==================================================[0m
[36m
4. Testing Player Data Fetching[0m
[31m❌ Test "Player Data" failed: Player data endpoint returned 202[0m
[35m
==================================================[0m
[36m
5. Testing Force Refresh Functionality[0m
[31m❌ Test "Force Refresh" failed: Force refresh failed with status 500[0m
[35m
==================================================[0m
[36m
6. Testing Cache Invalidation[0m
[36m
3. Testing Match Data Fetching[0m
[31m❌ Test "Cache Invalidation" failed: Match data fetch failed with status 500[0m
[35m
==================================================[0m
[36m
7. Testing Concurrent Request Handling[0m
[34mℹ️  Making 3 concurrent match requests...[0m
[31m❌ Test "Concurrent Requests" failed: Concurrent request 1 failed with status 500[0m
[35m
==================================================[0m
[36m
8. Testing Error Handling[0m
[33m⚠️  Unexpected response for invalid team ID: 500[0m
[33m⚠️  Unexpected response for invalid match ID: 500[0m
[35m
==================================================[0m
[1m📊 Test Results Summary[0m
[34mDuration: 4.56 seconds[0m
[32mPassed: 3[0m
[31mFailed: 5[0m
[34mTotal: 8[0m
[1m
Detailed Results:[0m
[32m✅ Queue Status: PASSED[0m
[31m❌ Team Import: FAILED[0m
[31m   Error: Team import failed with status 202[0m
[32m✅ Match Data: PASSED[0m
[31m❌ Player Data: FAILED[0m
[31m   Error: Player data endpoint returned 202[0m
[31m❌ Force Refresh: FAILED[0m
[31m   Error: Force refresh failed with status 500[0m
[31m❌ Cache Invalidation: FAILED[0m
[31m   Error: Match data fetch failed with status 500[0m
[31m❌ Concurrent Requests: FAILED[0m
[31m   Error: Concurrent request 1 failed with status 500[0m
[32m✅ Error Handling: PASSED[0m
[36m
CLEANUP. Cleaning up test files and cache[0m
[34mℹ️  Deleted file: mock-data/cache-opendota-match-1234567890.json[0m
[34mℹ️  Deleted file: mock-data/opendota-match-1234567890.json[0m
[34mℹ️  Deleted file: mock-data/test-match.json[0m
[34mℹ️  Deleted file: mock-data/test-player.json[0m
[32m✅ Cleaned up 4 files from Mock data files (APP)[0m
[34mℹ️  Deleted file: logs/server.log[0m
[34mℹ️  Deleted file: logs/test.log[0m
[32m✅ Cleaned up 2 files from Server log files (APP)[0m
[34mℹ️  Deleted file: cache/test-cache.json[0m
[32m✅ Cleaned up 1 files from Cache files (TEST)[0m
[34mℹ️  Deleted file: test-results/test-result.json[0m
[32m✅ Cleaned up 1 files from Test result files (TEST)[0m
[34mℹ️  Deleted file: temp/temp-file.tmp[0m
[32m✅ Cleaned up 1 files from Temporary files (TEST)[0m
[34mℹ️  Deleted file: backup/backup.bak[0m
[32m✅ Cleaned up 1 files from Backup files (TEST)[0m
[34mℹ️  Deleted pattern file: mock-data.json[0m
[34mℹ️  Deleted pattern file: test-pattern.json[0m
[32m✅ Cleaned up 2 pattern files[0m
[32m✅ Cleanup completed: 12 files cleaned, 0 errors[0m
[36m
VERIFY. Verifying cleanup was successful[0m
[32m✅ Mock data directory (APP) is empty (cleanup successful)[0m
[32m✅ Server logs directory (APP) is empty (cleanup successful)[0m
[32m✅ Cache directory (TEST) is empty (cleanup successful)[0m
[32m✅ Test results directory (TEST) is empty (cleanup successful)[0m
[32m✅ Temporary files directory (TEST) is empty (cleanup successful)[0m
[32m✅ Backup files directory (TEST) is empty (cleanup successful)[0m
[32m✅ No remaining pattern files found[0m
[32m✅ All cleanup verification passed![0m
[35m
==================================================[0m
[1m🧹 Cleanup Summary[0m
[34mFiles cleaned: 12[0m
[32mCleanup errors: 0[0m
[32mFiles remaining: 0[0m
[32mVerification errors: 0[0m
[31m
💥 Some tests failed. Please check the implementation.[0m
